---
http_interactions:
- request:
    method: get
    uri: https://jsonplaceholder.typicode.com/nonexistent
    body:
      encoding: US-ASCII
      string: ''
    headers:
      User-Agent:
      - ABify by Luke
      Content-Type:
      - application/json
      Expect:
      - ''
  response:
    status:
      code: 404
      message: ''
    headers:
      Date:
      - Sat, 13 Dec 2025 17:48:56 GMT
      Content-Type:
      - application/json; charset=utf-8
      Content-Length:
      - '2'
      Access-Control-Allow-Credentials:
      - 'true'
      Cache-Control:
      - max-age=43200
      Etag:
      - W/"2-vyGp6PvFo4RvsFtPoIWeCReyIC8"
      Expires:
      - "-1"
      Nel:
      - '{"report_to":"heroku-nel","response_headers":["Via"],"max_age":3600,"success_fraction":0.01,"failure_fraction":0.1}'
      Pragma:
      - no-cache
      Report-To:
      - '{"group":"heroku-nel","endpoints":[{"url":"https://nel.heroku.com/reports?s=kW1n8XMpuhDdGEJjngYVb1YolhuF6ydpezvXZWjtp94%3D\u0026sid=e11707d5-02a7-43ef-b45e-2cf4d2036f7d\u0026ts=1765648136"}],"max_age":3600}'
      Reporting-Endpoints:
      - heroku-nel="https://nel.heroku.com/reports?s=kW1n8XMpuhDdGEJjngYVb1YolhuF6ydpezvXZWjtp94%3D&sid=e11707d5-02a7-43ef-b45e-2cf4d2036f7d&ts=1765648136"
      Server:
      - cloudflare
      Vary:
      - Origin, Accept-Encoding
      Via:
      - 2.0 heroku-router
      X-Content-Type-Options:
      - nosniff
      X-Powered-By:
      - Express
      X-Ratelimit-Limit:
      - '1000'
      X-Ratelimit-Remaining:
      - '995'
      X-Ratelimit-Reset:
      - '1765648180'
      Cf-Cache-Status:
      - MISS
      Cf-Ray:
      - 9ad74b92be3c447f-DFW
      Alt-Svc:
      - h3=":443"; ma=86400
    body:
      encoding: ASCII-8BIT
      string: "{}"
  recorded_at: Sat, 13 Dec 2025 17:48:56 GMT
- request:
    method: get
    uri: https://jsonplaceholder.typicode.com/nonexistent
    body:
      encoding: US-ASCII
      string: ''
    headers:
      User-Agent:
      - ABify by Luke
      Content-Type:
      - application/json
      Expect:
      - ''
  response:
    status:
      code: 404
      message: ''
    headers:
      Date:
      - Sat, 13 Dec 2025 17:48:56 GMT
      Content-Type:
      - application/json; charset=utf-8
      Content-Length:
      - '2'
      Access-Control-Allow-Credentials:
      - 'true'
      Cache-Control:
      - max-age=43200
      Etag:
      - W/"2-vyGp6PvFo4RvsFtPoIWeCReyIC8"
      Expires:
      - "-1"
      Nel:
      - '{"report_to":"heroku-nel","response_headers":["Via"],"max_age":3600,"success_fraction":0.01,"failure_fraction":0.1}'
      Pragma:
      - no-cache
      Report-To:
      - '{"group":"heroku-nel","endpoints":[{"url":"https://nel.heroku.com/reports?s=kW1n8XMpuhDdGEJjngYVb1YolhuF6ydpezvXZWjtp94%3D\u0026sid=e11707d5-02a7-43ef-b45e-2cf4d2036f7d\u0026ts=1765648136"}],"max_age":3600}'
      Reporting-Endpoints:
      - heroku-nel="https://nel.heroku.com/reports?s=kW1n8XMpuhDdGEJjngYVb1YolhuF6ydpezvXZWjtp94%3D&sid=e11707d5-02a7-43ef-b45e-2cf4d2036f7d&ts=1765648136"
      Server:
      - cloudflare
      Vary:
      - Origin, Accept-Encoding
      Via:
      - 2.0 heroku-router
      X-Content-Type-Options:
      - nosniff
      X-Powered-By:
      - Express
      X-Ratelimit-Limit:
      - '1000'
      X-Ratelimit-Remaining:
      - '995'
      X-Ratelimit-Reset:
      - '1765648180'
      Age:
      - '0'
      Cf-Cache-Status:
      - HIT
      Cf-Ray:
      - 9ad74b93b897447f-DFW
      Alt-Svc:
      - h3=":443"; ma=86400
    body:
      encoding: ASCII-8BIT
      string: "{}"
  recorded_at: Sat, 13 Dec 2025 17:48:56 GMT
- request:
    method: get
    uri: https://jsonplaceholder.typicode.com/nonexistent
    body:
      encoding: US-ASCII
      string: ''
    headers:
      User-Agent:
      - ABify by Luke
      Content-Type:
      - application/json
      Expect:
      - ''
  response:
    status:
      code: 404
      message: ''
    headers:
      Date:
      - Sat, 13 Dec 2025 17:48:56 GMT
      Content-Type:
      - application/json; charset=utf-8
      Content-Length:
      - '2'
      Access-Control-Allow-Credentials:
      - 'true'
      Cache-Control:
      - max-age=43200
      Etag:
      - W/"2-vyGp6PvFo4RvsFtPoIWeCReyIC8"
      Expires:
      - "-1"
      Nel:
      - '{"report_to":"heroku-nel","response_headers":["Via"],"max_age":3600,"success_fraction":0.01,"failure_fraction":0.1}'
      Pragma:
      - no-cache
      Report-To:
      - '{"group":"heroku-nel","endpoints":[{"url":"https://nel.heroku.com/reports?s=kW1n8XMpuhDdGEJjngYVb1YolhuF6ydpezvXZWjtp94%3D\u0026sid=e11707d5-02a7-43ef-b45e-2cf4d2036f7d\u0026ts=1765648136"}],"max_age":3600}'
      Reporting-Endpoints:
      - heroku-nel="https://nel.heroku.com/reports?s=kW1n8XMpuhDdGEJjngYVb1YolhuF6ydpezvXZWjtp94%3D&sid=e11707d5-02a7-43ef-b45e-2cf4d2036f7d&ts=1765648136"
      Server:
      - cloudflare
      Vary:
      - Origin, Accept-Encoding
      Via:
      - 2.0 heroku-router
      X-Content-Type-Options:
      - nosniff
      X-Powered-By:
      - Express
      X-Ratelimit-Limit:
      - '1000'
      X-Ratelimit-Remaining:
      - '995'
      X-Ratelimit-Reset:
      - '1765648180'
      Age:
      - '0'
      Cf-Cache-Status:
      - HIT
      Cf-Ray:
      - 9ad74b94092d447f-DFW
      Alt-Svc:
      - h3=":443"; ma=86400
    body:
      encoding: ASCII-8BIT
      string: "{}"
  recorded_at: Sat, 13 Dec 2025 17:48:56 GMT
recorded_with: VCR 6.3.1
